// 同步 ID: d5e3b7f1 @ Mon Jul 27 21:16:11 UTC 2026
// 同步 ID: ace707b8 @ Tue Jul 28 03:01:53 UTC 2026
// 重构日志: 59f4c755
// 重构日志: d35a7324
// 重构日志: 20e0ed09
// 重构日志: 539f1495
// 重构日志: 751c5b1a
// 重构日志: 190f05a5
// 重构日志: 850d13c0
// 重构日志: 4db06a92
// 同步 ID: a1e09dd9 @ Fri Jul 31 02:36:25 UTC 2026
// 重构日志: dc0cf2ce
// 重构日志: 5a7cd94b
// 重构日志: da965103
// 同步 ID: bd16b748 @ Sat Aug  1 10:32:27 UTC 2026
// 同步 ID: 69043e7a @ Sat Aug  1 16:20:48 UTC 2026
// 重构日志: 14b60d50
// 同步 ID: 658bf033 @ Sun Aug  2 13:36:51 UTC 2026
// 同步 ID: 27e4f394 @ Sun Aug  2 16:15:17 UTC 2026
// 同步 ID: 24073381 @ Tue Aug  4 04:45:47 UTC 2026
// 重构日志: 6e35ed1b
// 重构日志: b4402fe1
// 同步 ID: 20a4ea24 @ Tue Aug  4 13:19:14 UTC 2026
// 同步 ID: 389e890a @ Wed Aug  5 14:28:06 UTC 2026
// 同步 ID: fc9665f9 @ Wed Aug  5 16:07:14 UTC 2026
// 重构日志: 1a4db9f8
// 同步 ID: bfe1c5a7 @ Fri Aug  7 00:45:06 UTC 2026
// 同步 ID: 3fadac0e @ Fri Aug  7 13:06:14 UTC 2026
// 同步 ID: 43a9b3d1 @ Sat Aug  8 01:15:00 UTC 2026
// 同步 ID: c71b9aed @ Sat Aug  8 04:52:43 UTC 2026
